[12/Sep/2026 08:29:29] "GET / HTTP/1.1" 200 7718
[12/Sep/2026 08:29:30] "GET /media/profile_pictures/wp1911240-audi-rs6-wallpapers.jpg HTTP/1.1" 304 0
[12/Sep/2026 08:29:30] "GET /static/css/styles.css HTTP/1.1" 304 0
[12/Sep/2026 08:29:30] "GET /static/js/app.js HTTP/1.1" 304 0
[12/Sep/2026 08:29:57] "GET /calendar/ HTTP/1.1" 200 5894
[12/Sep/2026 08:30:25] "POST /todos/add/ HTTP/1.1" 302 0
[12/Sep/2026 08:30:25] "GET /calendar/?month=2026-09 HTTP/1.1" 200 6056
[12/Sep/2026 08:30:30] "POST /todos/1/toggle/ HTTP/1.1" 200 33
[12/Sep/2026 08:30:32] "POST /todos/1/toggle/ HTTP/1.1" 200 34
[12/Sep/2026 08:30:50] "POST /todos/add/ HTTP/1.1" 302 0
[12/Sep/2026 08:30:50] "GET /calendar/?month=2026-09 HTTP/1.1" 200 6233
[12/Sep/2026 08:31:12] "POST /todos/add/ HTTP/1.1" 302 0
[12/Sep/2026 08:31:12] "GET /calendar/?month=2026-09 HTTP/1.1" 200 6404
[12/Sep/2026 08:31:12] "GET /static/css/styles.css HTTP/1.1" 304 0
[12/Sep/2026 08:31:12] "GET /static/js/app.js HTTP/1.1" 304 0
[12/Sep/2026 08:31:33] "GET /focus/ HTTP/1.1" 200 3601
[12/Sep/2026 08:31:38] "GET /journal/new/ HTTP/1.1" 200 3035
[12/Sep/2026 08:40:08] "GET /journal/new/ HTTP/1.1" 200 3035
[12/Sep/2026 08:40:09] "GET /static/css/styles.css HTTP/1.1" 200 18489
[12/Sep/2026 08:40:57] "GET /journal/new/ HTTP/1.1" 200 3035
[12/Sep/2026 08:40:57] "GET /static/css/styles.css HTTP/1.1" 304 0
[12/Sep/2026 08:40:58] "GET /journal/new/ HTTP/1.1" 302 0
[12/Sep/2026 08:40:58] "GET /login/?next=/journal/new/ HTTP/1.1" 200 1612
[12/Sep/2026 08:41:31] "GET /journal/new/?nav_refresh=20260912 HTTP/1.1" 302 0
[12/Sep/2026 08:41:31] "GET /login/?next=/journal/new/%3Fnav_refresh%3D20260912 HTTP/1.1" 200 1612
[12/Sep/2026 08:41:45] "GET /static/css/styles.css HTTP/1.1" 200 18489
Not Found: /favicon.ico
[12/Sep/2026 08:41:48] "GET /favicon.ico HTTP/1.1" 404 4643
[12/Sep/2026 08:41:52] "GET /journal/new/?nav_refresh=20260912 HTTP/1.1" 200 3035
[12/Sep/2026 08:41:53] "GET /static/css/styles.css HTTP/1.1" 304 0
[12/Sep/2026 08:41:58] "GET / HTTP/1.1" 200 7718
[12/Sep/2026 08:41:58] "GET /media/profile_pictures/wp1911240-audi-rs6-wallpapers.jpg HTTP/1.1" 304 0
[12/Sep/2026 08:41:58] "GET /static/js/app.js HTTP/1.1" 304 0
[12/Sep/2026 08:42:00] "GET / HTTP/1.1" 200 7718
[12/Sep/2026 08:42:43] "GET / HTTP/1.1" 200 7718
[12/Sep/2026 08:42:43] "GET /static/css/styles.css HTTP/1.1" 304 0
[12/Sep/2026 08:42:45] "GET / HTTP/1.1" 200 7718
[12/Sep/2026 08:42:46] "GET / HTTP/1.1" 200 7718
[12/Sep/2026 08:42:50] "GET /profile/ HTTP/1.1" 200 3426
[12/Sep/2026 08:43:01] "GET / HTTP/1.1" 200 7718
[12/Sep/2026 08:43:01] "GET /static/css/styles.css HTTP/1.1" 304 0
[12/Sep/2026 08:45:12] "GET / HTTP/1.1" 200 7718
[12/Sep/2026 08:45:12] "GET /media/profile_pictures/wp1911240-audi-rs6-wallpapers.jpg HTTP/1.1" 304 0
[12/Sep/2026 08:45:12] "GET /static/css/styles.css HTTP/1.1" 200 20210
[12/Sep/2026 08:45:12] "GET /static/js/app.js HTTP/1.1" 304 0
[12/Sep/2026 08:46:48] "GET /focus/ HTTP/1.1" 200 3601
[12/Sep/2026 08:46:48] "GET /static/css/styles.css HTTP/1.1" 304 0
[12/Sep/2026 08:47:05] "GET / HTTP/1.1" 200 7718
[12/Sep/2026 08:47:05] "GET /static/css/styles.css HTTP/1.1" 304 0
[12/Sep/2026 08:48:45] "GET / HTTP/1.1" 200 7718
[12/Sep/2026 08:48:45] "GET /static/css/styles.css HTTP/1.1" 200 20314
[12/Sep/2026 08:48:45] "GET /media/profile_pictures/wp1911240-audi-rs6-wallpapers.jpg HTTP/1.1" 304 0
[12/Sep/2026 08:48:45] "GET /static/js/app.js HTTP/1.1" 304 0
[12/Sep/2026 08:49:14] "GET / HTTP/1.1" 200 7718
[12/Sep/2026 08:49:14] "GET /static/css/styles.css HTTP/1.1" 304 0
[12/Sep/2026 08:49:15] "GET / HTTP/1.1" 200 7718
[12/Sep/2026 08:49:17] "GET / HTTP/1.1" 200 7718
[12/Sep/2026 08:49:17] "GET /static/css/styles.css HTTP/1.1" 304 0
[12/Sep/2026 08:49:24] "GET / HTTP/1.1" 200 7718
[12/Sep/2026 08:49:24] "GET /static/css/styles.css HTTP/1.1" 304 0
[12/Sep/2026 08:51:18] "GET / HTTP/1.1" 200 7718
[12/Sep/2026 08:51:18] "GET /static/css/styles.css HTTP/1.1" 200 20314
[12/Sep/2026 08:51:18] "GET /media/profile_pictures/wp1911240-audi-rs6-wallpapers.jpg HTTP/1.1" 200 192908
[12/Sep/2026 08:51:18] "GET /static/js/app.js HTTP/1.1" 200 6601
[12/Sep/2026 08:51:49] "GET / HTTP/1.1" 200 7718
[12/Sep/2026 08:51:49] "GET /static/css/styles.css HTTP/1.1" 304 0
[12/Sep/2026 08:51:50] "GET / HTTP/1.1" 200 7718
[12/Sep/2026 08:54:42] "GET / HTTP/1.1" 200 7718
[12/Sep/2026 08:54:42] "GET /static/css/styles.css HTTP/1.1" 200 20787
[12/Sep/2026 08:55:18] "GET / HTTP/1.1" 200 7718
[12/Sep/2026 08:55:18] "GET /static/css/styles.css HTTP/1.1" 304 0
[12/Sep/2026 08:55:18] "GET /static/js/app.js HTTP/1.1" 200 6727
[12/Sep/2026 08:55:21] "GET / HTTP/1.1" 200 7718
[12/Sep/2026 08:55:41] "GET / HTTP/1.1" 200 7718
[12/Sep/2026 08:55:41] "GET /media/profile_pictures/wp1911240-audi-rs6-wallpapers.jpg HTTP/1.1" 200 192908
[12/Sep/2026 08:55:41] "GET /static/js/app.js HTTP/1.1" 200 6727
[12/Sep/2026 08:55:42] "GET /static/css/styles.css HTTP/1.1" 200 20787
[12/Sep/2026 08:57:56] "GET /profile/ HTTP/1.1" 200 3426
[12/Sep/2026 08:57:56] "GET /static/css/styles.css HTTP/1.1" 304 0
[12/Sep/2026 08:58:00] "GET / HTTP/1.1" 200 7718
[12/Sep/2026 08:58:00] "GET /static/js/app.js HTTP/1.1" 304 0
[12/Sep/2026 09:01:23] "GET / HTTP/1.1" 200 7718
[12/Sep/2026 09:01:23] "GET /static/css/styles.css HTTP/1.1" 200 20682
[12/Sep/2026 09:01:23] "GET /media/profile_pictures/wp1911240-audi-rs6-wallpapers.jpg HTTP/1.1" 304 0
[12/Sep/2026 09:01:23] "GET /static/js/app.js HTTP/1.1" 304 0
[12/Sep/2026 09:02:37] "GET / HTTP/1.1" 200 7718
[12/Sep/2026 09:02:37] "GET /static/css/styles.css HTTP/1.1" 304 0
[12/Sep/2026 09:02:37] "GET /static/js/app.js HTTP/1.1" 304 0
[12/Sep/2026 09:02:40] "GET / HTTP/1.1" 200 7718
[12/Sep/2026 09:02:41] "GET / HTTP/1.1" 200 7718
[12/Sep/2026 09:02:41] "GET / HTTP/1.1" 200 7718
[12/Sep/2026 09:02:42] "GET / HTTP/1.1" 200 7718
[12/Sep/2026 09:02:43] "GET / HTTP/1.1" 200 7718
[12/Sep/2026 09:02:48] "GET / HTTP/1.1" 200 7718
[12/Sep/2026 09:02:48] "GET /static/css/styles.css HTTP/1.1" 200 20682
[12/Sep/2026 09:02:48] "GET /media/profile_pictures/wp1911240-audi-rs6-wallpapers.jpg HTTP/1.1" 200 192908
[12/Sep/2026 09:02:48] "GET /static/js/app.js HTTP/1.1" 200 6727
[12/Sep/2026 09:03:01] "GET / HTTP/1.1" 200 7718
[12/Sep/2026 09:03:02] "GET /media/profile_pictures/wp1911240-audi-rs6-wallpapers.jpg HTTP/1.1" 200 192908
[12/Sep/2026 09:03:02] "GET /static/css/styles.css HTTP/1.1" 200 20682
[12/Sep/2026 09:03:02] "GET /static/js/app.js HTTP/1.1" 200 6727
[12/Sep/2026 09:03:22] "GET / HTTP/1.1" 200 7718
[12/Sep/2026 09:03:22] "GET /static/css/styles.css HTTP/1.1" 304 0
[12/Sep/2026 09:03:26] "GET / HTTP/1.1" 200 7718
[12/Sep/2026 09:06:05] "GET / HTTP/1.1" 200 7718
[12/Sep/2026 09:06:05] "GET /static/css/styles.css HTTP/1.1" 200 20682
[12/Sep/2026 09:06:05] "GET /static/js/app.js HTTP/1.1" 200 6727
[12/Sep/2026 09:06:05] "GET /media/profile_pictures/wp1911240-audi-rs6-wallpapers.jpg HTTP/1.1" 200 192908
[12/Sep/2026 09:06:27] "GET / HTTP/1.1" 200 7718
[12/Sep/2026 09:06:27] "GET / HTTP/1.1" 200 7718
[12/Sep/2026 09:06:28] "GET / HTTP/1.1" 200 7718
[12/Sep/2026 09:06:28] "GET / HTTP/1.1" 200 7718
[12/Sep/2026 09:06:32] "GET /profile/ HTTP/1.1" 200 3426
[12/Sep/2026 09:06:37] "GET /profile/ HTTP/1.1" 200 3426
[12/Sep/2026 09:06:37] "GET /static/css/styles.css HTTP/1.1" 200 20682
[12/Sep/2026 09:06:42] "GET / HTTP/1.1" 200 7718
[12/Sep/2026 09:06:42] "GET /static/css/styles.css HTTP/1.1" 304 0
[12/Sep/2026 09:07:44] "GET / HTTP/1.1" 200 7718
[12/Sep/2026 09:07:44] "GET /static/css/styles.css HTTP/1.1" 304 0
[12/Sep/2026 09:07:44] "GET /static/js/app.js HTTP/1.1" 200 6727
[12/Sep/2026 09:07:45] "GET / HTTP/1.1" 200 7718
[12/Sep/2026 09:07:45] "GET / HTTP/1.1" 200 7718
[12/Sep/2026 09:07:46] "GET / HTTP/1.1" 200 7718
[12/Sep/2026 09:07:49] "GET /calendar/ HTTP/1.1" 200 6360
[12/Sep/2026 09:07:53] "GET / HTTP/1.1" 200 7718
[12/Sep/2026 09:07:53] "GET /static/css/styles.css HTTP/1.1" 304 0
[12/Sep/2026 09:07:53] "GET /static/js/app.js HTTP/1.1" 304 0
[12/Sep/2026 09:17:33] "GET / HTTP/1.1" 200 7718
[12/Sep/2026 09:17:33] "GET /static/css/styles.css HTTP/1.1" 304 0
[12/Sep/2026 09:17:33] "GET /static/js/app.js HTTP/1.1" 200 7206
[12/Sep/2026 09:17:33] "GET /media/profile_pictures/wp1911240-audi-rs6-wallpapers.jpg HTTP/1.1" 304 0
[12/Sep/2026 09:20:36] "GET / HTTP/1.1" 200 7718
[12/Sep/2026 09:20:36] "GET /static/css/styles.css HTTP/1.1" 304 0
[12/Sep/2026 09:20:36] "GET /static/js/app.js HTTP/1.1" 304 0
[12/Sep/2026 09:20:38] "GET / HTTP/1.1" 200 7718
[12/Sep/2026 09:20:39] "GET / HTTP/1.1" 200 7718
[12/Sep/2026 09:20:59] "GET / HTTP/1.1" 200 7718
[12/Sep/2026 09:20:59] "GET /static/css/styles.css HTTP/1.1" 200 20682
[12/Sep/2026 09:20:59] "GET /static/js/app.js HTTP/1.1" 200 7206
[12/Sep/2026 09:20:59] "GET /media/profile_pictures/wp1911240-audi-rs6-wallpapers.jpg HTTP/1.1" 200 192908
[12/Sep/2026 09:21:10] "GET /calendar/ HTTP/1.1" 200 6360
[12/Sep/2026 09:21:14] "GET /calendar/ HTTP/1.1" 200 6360
[12/Sep/2026 09:21:17] "GET /calendar/ HTTP/1.1" 200 6360
[12/Sep/2026 09:21:26] "GET /focus/ HTTP/1.1" 200 3601
[12/Sep/2026 09:21:26] "GET /static/js/app.js HTTP/1.1" 304 0
[12/Sep/2026 09:25:00] code 400, message Bad request version ('ªª\x13\x03\x13\x01\x13\x02Ì©Ì¨À+À/À,À0À\x13À\x14\x00\x9c\x00\x9d\x00/\x005\x01\x00\x063JJ\x00\x00\x00\x1b\x00\x03\x02\x00\x02\x00')
[12/Sep/2026 09:25:00] You're accessing the development server over HTTPS, but it only supports HTTP.
[12/Sep/2026 09:25:01] code 400, message Bad request version ('êê\x13\x03\x13\x01\x13\x02Ì©Ì¨À+À/À,À0À\x13À\x14\x00\x9c\x00\x9d\x00/\x005\x01\x00\x06S\x1a\x1a\x00\x00\x00')
[12/Sep/2026 09:25:01] You're accessing the development server over HTTPS, but it only supports HTTP.
[12/Sep/2026 09:25:05] "GET /calendar/ HTTP/1.1" 200 6360
[12/Sep/2026 09:25:05] "GET /static/js/app.js HTTP/1.1" 200 7206
[12/Sep/2026 09:25:05] "GET /static/css/styles.css HTTP/1.1" 200 20744
[12/Sep/2026 09:25:11] "GET /focus/ HTTP/1.1" 200 3601
[12/Sep/2026 09:25:14] "GET / HTTP/1.1" 200 7718
